		1:
		2:
		3:
		4:
		5:
		6:
		7:
		8:
		1: 2 5
		2: 1 6
		3: 4 6 7
		4: 3 7 8
		5: 1
		6: 2 3 7
		7: 3 4 6 8
		8: 4 7
